> Task :user-service:compileJava UP-TO-DATE
> Task :user-service:processResources UP-TO-DATE
> Task :user-service:classes UP-TO-DATE

> Task :user-service:bootRun

  .   ____          _            __ _ _
 /\\ / ___'_ __ _ _(_)_ __  __ _ \ \ \ \
( ( )\___ | '_ | '_| | '_ \/ _` | \ \ \ \
 \\/  ___)| |_)| | | | | || (_| |  ) ) ) )
  '  |____| .__|_| |_|_| |_\__, | / / / /
 =========|_|==============|___/=/_/_/_/
 :: Spring Boot ::                (v3.2.0)

2025-09-17T05:18:30.589+05:30  INFO 12923 --- [user-service] [           main] c.c.c.ConfigServicePropertySourceLocator : Fetching config from server at : http://localhost:8888
2025-09-17T05:18:30.638+05:30  INFO 12923 --- [user-service] [           main] c.c.c.ConfigServicePropertySourceLocator : Exception on Url - http://localhost:8888:org.springframework.web.client.ResourceAccessException: I/O error on GET request for "http://localhost:8888/user-service/default": Connection refused. Will be trying the next url if available
2025-09-17T05:18:30.638+05:30  WARN 12923 --- [user-service] [           main] c.c.c.ConfigServicePropertySourceLocator : Could not locate PropertySource: I/O error on GET request for "http://localhost:8888/user-service/default": Connection refused
2025-09-17T05:18:30.639+05:30  INFO 12923 --- [user-service] [           main] c.u.userservice.UserServiceApplication   : No active profile set, falling back to 1 default profile: "default"
2025-09-17T05:18:31.017+05:30  INFO 12923 --- [user-service] [           main] .s.d.r.c.RepositoryConfigurationDelegate : Bootstrapping Spring Data JPA repositories in DEFAULT mode.
2025-09-17T05:18:31.081+05:30  INFO 12923 --- [user-service] [           main] .s.d.r.c.RepositoryConfigurationDelegate : Finished Spring Data repository scanning in 58 ms. Found 2 JPA repository interfaces.
2025-09-17T05:18:31.200+05:30  INFO 12923 --- [user-service] [           main] o.s.cloud.context.scope.GenericScope     : BeanFactory id=efe1e069-34e9-3fa7-8914-a5d22b84273f
2025-09-17T05:18:31.377+05:30  WARN 12923 --- [user-service] [           main] trationDelegate$BeanPostProcessorChecker : Bean 'org.springframework.cloud.client.loadbalancer.LoadBalancerAutoConfiguration$LoadBalancerInterceptorConfig' of type [org.springframework.cloud.client.loadbalancer.LoadBalancerAutoConfiguration$LoadBalancerInterceptorConfig] is not eligible for getting processed by all BeanPostProcessors (for example: not eligible for auto-proxying). The currently created BeanPostProcessor [lbRestClientPostProcessor] is declared through a non-static factory method on that class; consider declaring it as static instead.
2025-09-17T05:18:31.379+05:30  WARN 12923 --- [user-service] [           main] trationDelegate$BeanPostProcessorChecker : Bean 'org.springframework.cloud.loadbalancer.config.BlockingLoadBalancerClientAutoConfiguration' of type [org.springframework.cloud.loadbalancer.config.BlockingLoadBalancerClientAutoConfiguration] is not eligible for getting processed by all BeanPostProcessors (for example: not eligible for auto-proxying). Is this bean getting eagerly injected into a currently created BeanPostProcessor [lbRestClientPostProcessor]? Check the corresponding BeanPostProcessor declaration and its dependencies.
2025-09-17T05:18:31.381+05:30  WARN 12923 --- [user-service] [           main] trationDelegate$BeanPostProcessorChecker : Bean 'org.springframework.cloud.loadbalancer.config.LoadBalancerAutoConfiguration' of type [org.springframework.cloud.loadbalancer.config.LoadBalancerAutoConfiguration] is not eligible for getting processed by all BeanPostProcessors (for example: not eligible for auto-proxying). Is this bean getting eagerly injected into a currently created BeanPostProcessor [lbRestClientPostProcessor]? Check the corresponding BeanPostProcessor declaration and its dependencies.
2025-09-17T05:18:31.385+05:30  WARN 12923 --- [user-service] [           main] trationDelegate$BeanPostProcessorChecker : Bean 'org.springframework.cloud.commons.config.CommonsConfigAutoConfiguration' of type [org.springframework.cloud.commons.config.CommonsConfigAutoConfiguration] is not eligible for getting processed by all BeanPostProcessors (for example: not eligible for auto-proxying). Is this bean getting eagerly injected into a currently created BeanPostProcessor [lbRestClientPostProcessor]? Check the corresponding BeanPostProcessor declaration and its dependencies.
2025-09-17T05:18:31.386+05:30  WARN 12923 --- [user-service] [           main] trationDelegate$BeanPostProcessorChecker : Bean 'org.springframework.cloud.client.loadbalancer.LoadBalancerDefaultMappingsProviderAutoConfiguration' of type [org.springframework.cloud.client.loadbalancer.LoadBalancerDefaultMappingsProviderAutoConfiguration] is not eligible for getting processed by all BeanPostProcessors (for example: not eligible for auto-proxying). Is this bean getting eagerly injected into a currently created BeanPostProcessor [lbRestClientPostProcessor]? Check the corresponding BeanPostProcessor declaration and its dependencies.
2025-09-17T05:18:31.387+05:30  WARN 12923 --- [user-service] [           main] trationDelegate$BeanPostProcessorChecker : Bean 'loadBalancerClientsDefaultsMappingsProvider' of type [org.springframework.cloud.client.loadbalancer.LoadBalancerDefaultMappingsProviderAutoConfiguration$$Lambda/0x00000070014fcdc8] is not eligible for getting processed by all BeanPostProcessors (for example: not eligible for auto-proxying). Is this bean getting eagerly injected into a currently created BeanPostProcessor [lbRestClientPostProcessor]? Check the corresponding BeanPostProcessor declaration and its dependencies.
2025-09-17T05:18:31.388+05:30  WARN 12923 --- [user-service] [           main] trationDelegate$BeanPostProcessorChecker : Bean 'defaultsBindHandlerAdvisor' of type [org.springframework.cloud.commons.config.DefaultsBindHandlerAdvisor] is not eligible for getting processed by all BeanPostProcessors (for example: not eligible for auto-proxying). Is this bean getting eagerly injected into a currently created BeanPostProcessor [lbRestClientPostProcessor]? Check the corresponding BeanPostProcessor declaration and its dependencies.
2025-09-17T05:18:31.391+05:30  WARN 12923 --- [user-service] [           main] trationDelegate$BeanPostProcessorChecker : Bean 'spring.cloud.loadbalancer-org.springframework.cloud.client.loadbalancer.LoadBalancerClientsProperties' of type [org.springframework.cloud.client.loadbalancer.LoadBalancerClientsProperties] is not eligible for getting processed by all BeanPostProcessors (for example: not eligible for auto-proxying). Is this bean getting eagerly injected into a currently created BeanPostProcessor [lbRestClientPostProcessor]? Check the corresponding BeanPostProcessor declaration and its dependencies.
2025-09-17T05:18:31.395+05:30  WARN 12923 --- [user-service] [           main] trationDelegate$BeanPostProcessorChecker : Bean 'default.org.springframework.cloud.loadbalancer.config.LoadBalancerAutoConfiguration.LoadBalancerClientSpecification' of type [org.springframework.cloud.loadbalancer.annotation.LoadBalancerClientSpecification] is not eligible for getting processed by all BeanPostProcessors (for example: not eligible for auto-proxying). Is this bean getting eagerly injected into a currently created BeanPostProcessor [lbRestClientPostProcessor]? Check the corresponding BeanPostProcessor declaration and its dependencies.
2025-09-17T05:18:31.396+05:30  WARN 12923 --- [user-service] [           main] trationDelegate$BeanPostProcessorChecker : Bean 'default.org.springframework.cloud.loadbalancer.config.BlockingLoadBalancerClientAutoConfiguration.LoadBalancerClientSpecification' of type [org.springframework.cloud.loadbalancer.annotation.LoadBalancerClientSpecification] is not eligible for getting processed by all BeanPostProcessors (for example: not eligible for auto-proxying). Is this bean getting eagerly injected into a currently created BeanPostProcessor [lbRestClientPostProcessor]? Check the corresponding BeanPostProcessor declaration and its dependencies.
2025-09-17T05:18:31.396+05:30  WARN 12923 --- [user-service] [           main] trationDelegate$BeanPostProcessorChecker : Bean 'default.org.springframework.cloud.netflix.eureka.loadbalancer.LoadBalancerEurekaAutoConfiguration.LoadBalancerClientSpecification' of type [org.springframework.cloud.loadbalancer.annotation.LoadBalancerClientSpecification] is not eligible for getting processed by all BeanPostProcessors (for example: not eligible for auto-proxying). Is this bean getting eagerly injected into a currently created BeanPostProcessor [lbRestClientPostProcessor]? Check the corresponding BeanPostProcessor declaration and its dependencies.
2025-09-17T05:18:31.397+05:30  WARN 12923 --- [user-service] [           main] trationDelegate$BeanPostProcessorChecker : Bean 'loadBalancerClientFactory' of type [org.springframework.cloud.loadbalancer.support.LoadBalancerClientFactory] is not eligible for getting processed by all BeanPostProcessors (for example: not eligible for auto-proxying). Is this bean getting eagerly injected into a currently created BeanPostProcessor [lbRestClientPostProcessor]? Check the corresponding BeanPostProcessor declaration and its dependencies.
2025-09-17T05:18:31.401+05:30  WARN 12923 --- [user-service] [           main] trationDelegate$BeanPostProcessorChecker : Bean 'blockingLoadBalancerClient' of type [org.springframework.cloud.loadbalancer.blocking.client.BlockingLoadBalancerClient] is not eligible for getting processed by all BeanPostProcessors (for example: not eligible for auto-proxying). Is this bean getting eagerly injected into a currently created BeanPostProcessor [lbRestClientPostProcessor]? Check the corresponding BeanPostProcessor declaration and its dependencies.
2025-09-17T05:18:31.406+05:30  WARN 12923 --- [user-service] [           main] trationDelegate$BeanPostProcessorChecker : Bean 'loadBalancerServiceInstanceCookieTransformer' of type [org.springframework.cloud.loadbalancer.core.LoadBalancerServiceInstanceCookieTransformer] is not eligible for getting processed by all BeanPostProcessors (for example: not eligible for auto-proxying). Is this bean getting eagerly injected into a currently created BeanPostProcessor [lbRestClientPostProcessor]? Check the corresponding BeanPostProcessor declaration and its dependencies.
2025-09-17T05:18:31.407+05:30  WARN 12923 --- [user-service] [           main] trationDelegate$BeanPostProcessorChecker : Bean 'xForwarderHeadersTransformer' of type [org.springframework.cloud.loadbalancer.blocking.XForwardedHeadersTransformer] is not eligible for getting processed by all BeanPostProcessors (for example: not eligible for auto-proxying). Is this bean getting eagerly injected into a currently created BeanPostProcessor [lbRestClientPostProcessor]? Check the corresponding BeanPostProcessor declaration and its dependencies.
2025-09-17T05:18:31.407+05:30  WARN 12923 --- [user-service] [           main] trationDelegate$BeanPostProcessorChecker : Bean 'org.springframework.cloud.client.loadbalancer.LoadBalancerAutoConfiguration' of type [org.springframework.cloud.client.loadbalancer.LoadBalancerAutoConfiguration] is not eligible for getting processed by all BeanPostProcessors (for example: not eligible for auto-proxying). Is this bean getting eagerly injected into a currently created BeanPostProcessor [lbRestClientPostProcessor]? Check the corresponding BeanPostProcessor declaration and its dependencies.
2025-09-17T05:18:31.408+05:30  WARN 12923 --- [user-service] [           main] trationDelegate$BeanPostProcessorChecker : Bean 'loadBalancerRequestFactory' of type [org.springframework.cloud.client.loadbalancer.LoadBalancerRequestFactory] is not eligible for getting processed by all BeanPostProcessors (for example: not eligible for auto-proxying). Is this bean getting eagerly injected into a currently created BeanPostProcessor [lbRestClientPostProcessor]? Check the corresponding BeanPostProcessor declaration and its dependencies.
2025-09-17T05:18:31.409+05:30  WARN 12923 --- [user-service] [           main] trationDelegate$BeanPostProcessorChecker : Bean 'loadBalancerInterceptor' of type [org.springframework.cloud.client.loadbalancer.LoadBalancerInterceptor] is not eligible for getting processed by all BeanPostProcessors (for example: not eligible for auto-proxying). Is this bean getting eagerly injected into a currently created BeanPostProcessor [lbRestClientPostProcessor]? Check the corresponding BeanPostProcessor declaration and its dependencies.
2025-09-17T05:18:31.552+05:30  INFO 12923 --- [user-service] [           main] o.s.b.w.embedded.tomcat.TomcatWebServer  : Tomcat initialized with port 9090 (http)
2025-09-17T05:18:31.556+05:30  INFO 12923 --- [user-service] [           main] o.apache.catalina.core.StandardService   : Starting service [Tomcat]
2025-09-17T05:18:31.556+05:30  INFO 12923 --- [user-service] [           main] o.apache.catalina.core.StandardEngine    : Starting Servlet engine: [Apache Tomcat/10.1.16]
2025-09-17T05:18:31.582+05:30  INFO 12923 --- [user-service] [           main] o.a.c.c.C.[Tomcat].[localhost].[/]       : Initializing Spring embedded WebApplicationContext
2025-09-17T05:18:31.582+05:30  INFO 12923 --- [user-service] [           main] w.s.c.ServletWebServerApplicationContext : Root WebApplicationContext: initialization completed in 936 ms
2025-09-17T05:18:31.789+05:30  INFO 12923 --- [user-service] [           main] o.hibernate.jpa.internal.util.LogHelper  : HHH000204: Processing PersistenceUnitInfo [name: default]
2025-09-17T05:18:31.845+05:30  INFO 12923 --- [user-service] [           main] org.hibernate.Version                    : HHH000412: Hibernate ORM core version 6.3.1.Final
2025-09-17T05:18:31.868+05:30  INFO 12923 --- [user-service] [           main] o.h.c.internal.RegionFactoryInitiator    : HHH000026: Second-level cache disabled
2025-09-17T05:18:32.001+05:30  INFO 12923 --- [user-service] [           main] o.s.o.j.p.SpringPersistenceUnitInfo      : No LoadTimeWeaver setup: ignoring JPA class transformer
2025-09-17T05:18:32.015+05:30  INFO 12923 --- [user-service] [           main] com.zaxxer.hikari.HikariDataSource       : HikariPool-1 - Starting...
2025-09-17T05:18:32.076+05:30  INFO 12923 --- [user-service] [           main] com.zaxxer.hikari.pool.HikariPool        : HikariPool-1 - Added connection org.postgresql.jdbc.PgConnection@1fa796a4
2025-09-17T05:18:32.077+05:30  INFO 12923 --- [user-service] [           main] com.zaxxer.hikari.HikariDataSource       : HikariPool-1 - Start completed.
2025-09-17T05:18:32.108+05:30  WARN 12923 --- [user-service] [           main] org.hibernate.orm.deprecation            : HHH90000025: PostgreSQLDialect does not need to be specified explicitly using 'hibernate.dialect' (remove the property setting and it will be selected by default)
2025-09-17T05:18:32.558+05:30  INFO 12923 --- [user-service] [           main] o.h.e.t.j.p.i.JtaPlatformInitiator       : HHH000489: No JTA platform available (set 'hibernate.transaction.jta.platform' to enable JTA platform integration)
2025-09-17T05:18:32.608+05:30  INFO 12923 --- [user-service] [           main] j.LocalContainerEntityManagerFactoryBean : Initialized JPA EntityManagerFactory for persistence unit 'default'
2025-09-17T05:18:32.923+05:30  WARN 12923 --- [user-service] [           main] JpaBaseConfiguration$JpaWebConfiguration : spring.jpa.open-in-view is enabled by default. Therefore, database queries may be performed during view rendering. Explicitly configure spring.jpa.open-in-view to disable this warning
2025-09-17T05:18:33.005+05:30 DEBUG 12923 --- [user-service] [           main] swordEncoderAuthenticationManagerBuilder : No authenticationProviders and no parentAuthenticationManager defined. Returning null.
2025-09-17T05:18:33.319+05:30  INFO 12923 --- [user-service] [           main] o.s.b.a.e.web.EndpointLinksResolver      : Exposing 3 endpoint(s) beneath base path '/actuator'
2025-09-17T05:18:33.378+05:30  INFO 12923 --- [user-service] [           main] o.s.s.web.DefaultSecurityFilterChain     : Will secure any request with [org.springframework.security.web.session.DisableEncodeUrlFilter@16486ab3, org.springframework.security.web.context.request.async.WebAsyncManagerIntegrationFilter@1b13e4fb, org.springframework.security.web.context.SecurityContextHolderFilter@783a2fec, org.springframework.security.web.header.HeaderWriterFilter@376b6d7d, org.springframework.web.filter.CorsFilter@327fd5c9, org.springframework.security.web.authentication.logout.LogoutFilter@22e8f04c, com.userservice.userservice.security.JwtAuthFilter@37caecda, org.springframework.security.web.savedrequest.RequestCacheAwareFilter@271df4c0, org.springframework.security.web.servletapi.SecurityContextHolderAwareRequestFilter@591bff1d, org.springframework.security.web.authentication.AnonymousAuthenticationFilter@5cb6fac3, org.springframework.security.web.session.SessionManagementFilter@142f0ac1, org.springframework.security.web.access.ExceptionTranslationFilter@4ea8832c, org.springframework.security.web.access.intercept.AuthorizationFilter@398f6622]
2025-09-17T05:18:33.642+05:30  INFO 12923 --- [user-service] [           main] DiscoveryClientOptionalArgsConfiguration : Eureka HTTP Client uses RestTemplate.
2025-09-17T05:18:33.677+05:30  WARN 12923 --- [user-service] [           main] iguration$LoadBalancerCaffeineWarnLogger : Spring Cloud LoadBalancer is currently working with the default cache. While this cache implementation is useful for development and tests, it's recommended to use Caffeine cache in production.You can switch to using Caffeine cache, by adding it and org.springframework.cache.caffeine.CaffeineCacheManager to the classpath.
2025-09-17T05:18:33.715+05:30  INFO 12923 --- [user-service] [           main] o.s.c.n.eureka.InstanceInfoFactory       : Setting initial instance status as: STARTING
2025-09-17T05:18:33.762+05:30  INFO 12923 --- [user-service] [           main] com.netflix.discovery.DiscoveryClient    : Initializing Eureka in region us-east-1
2025-09-17T05:18:33.763+05:30  INFO 12923 --- [user-service] [           main] c.n.d.s.r.aws.ConfigClusterResolver      : Resolving eureka endpoints via configuration
2025-09-17T05:18:33.764+05:30 DEBUG 12923 --- [user-service] [           main] c.n.discovery.endpoint.EndpointUtils     : The availability zone for the given region us-east-1 are [defaultZone]
2025-09-17T05:18:33.764+05:30 DEBUG 12923 --- [user-service] [           main] c.n.d.s.r.aws.ConfigClusterResolver      : Config resolved to [AwsEndpoint{ serviceUrl='http://localhost:8761/eureka/', region='us-east-1', zone='defaultZone'}]
2025-09-17T05:18:33.764+05:30 DEBUG 12923 --- [user-service] [           main] c.n.d.s.r.a.ZoneAffinityClusterResolver  : Local zone=defaultZone; resolved to: [AwsEndpoint{ serviceUrl='http://localhost:8761/eureka/', region='us-east-1', zone='defaultZone'}]
2025-09-17T05:18:33.772+05:30  INFO 12923 --- [user-service] [           main] com.netflix.discovery.DiscoveryClient    : Disable delta property : false
2025-09-17T05:18:33.772+05:30  INFO 12923 --- [user-service] [           main] com.netflix.discovery.DiscoveryClient    : Single vip registry refresh property : null
2025-09-17T05:18:33.772+05:30  INFO 12923 --- [user-service] [           main] com.netflix.discovery.DiscoveryClient    : Force full registry fetch : false
2025-09-17T05:18:33.772+05:30  INFO 12923 --- [user-service] [           main] com.netflix.discovery.DiscoveryClient    : Application is null : false
2025-09-17T05:18:33.772+05:30  INFO 12923 --- [user-service] [           main] com.netflix.discovery.DiscoveryClient    : Registered Applications size is zero : true
2025-09-17T05:18:33.772+05:30  INFO 12923 --- [user-service] [           main] com.netflix.discovery.DiscoveryClient    : Application version is -1: true
2025-09-17T05:18:33.772+05:30  INFO 12923 --- [user-service] [           main] com.netflix.discovery.DiscoveryClient    : Getting all instance registry info from the eureka server
2025-09-17T05:18:33.773+05:30 DEBUG 12923 --- [user-service] [           main] c.n.d.s.t.d.SessionedEurekaHttpClient    : Ending a session and starting anew
2025-09-17T05:18:33.898+05:30 DEBUG 12923 --- [user-service] [           main] c.n.d.s.t.d.RedirectingEurekaHttpClient  : Pinning to endpoint null
2025-09-17T05:18:33.899+05:30  INFO 12923 --- [user-service] [           main] com.netflix.discovery.DiscoveryClient    : The response status is 200
2025-09-17T05:18:33.900+05:30 DEBUG 12923 --- [user-service] [           main] com.netflix.discovery.DiscoveryClient    : Got full registry with apps hashcode UP_1_
2025-09-17T05:18:33.900+05:30 DEBUG 12923 --- [user-service] [           main] com.netflix.discovery.DiscoveryClient    : The total number of all instances in the client now is 1
2025-09-17T05:18:33.901+05:30  INFO 12923 --- [user-service] [           main] com.netflix.discovery.DiscoveryClient    : Starting heartbeat executor: renew interval is: 5
2025-09-17T05:18:33.901+05:30  INFO 12923 --- [user-service] [           main] c.n.discovery.InstanceInfoReplicator     : InstanceInfoReplicator onDemand update allowed rate per min is 4
2025-09-17T05:18:33.903+05:30  INFO 12923 --- [user-service] [           main] com.netflix.discovery.DiscoveryClient    : Discovery Client initialized at timestamp 1758066513903 with initial instances count: 1
2025-09-17T05:18:33.903+05:30 DEBUG 12923 --- [user-service] [nfoReplicator-0] c.n.discovery.InstanceInfoReplicator     : Executing on-demand update of local InstanceInfo
2025-09-17T05:18:33.903+05:30 DEBUG 12923 --- [user-service] [nfoReplicator-0] c.n.discovery.InstanceInfoReplicator     : Canceling the latest scheduled update, it will be rescheduled at the end of on demand update
2025-09-17T05:18:33.909+05:30  INFO 12923 --- [user-service] [           main] o.s.c.n.e.s.EurekaServiceRegistry        : Registering application USER-SERVICE with eureka with status UP
2025-09-17T05:18:33.909+05:30  INFO 12923 --- [user-service] [           main] com.netflix.discovery.DiscoveryClient    : Saw local status change event StatusChangeEvent [timestamp=1758066513909, current=UP, previous=STARTING]
2025-09-17T05:18:33.910+05:30  WARN 12923 --- [user-service] [           main] c.n.discovery.InstanceInfoReplicator     : Ignoring onDemand update due to rate limiter
2025-09-17T05:18:33.918+05:30  INFO 12923 --- [user-service] [           main] o.s.b.w.embedded.tomcat.TomcatWebServer  : Tomcat started on port 9090 (http) with context path ''
2025-09-17T05:18:33.918+05:30  INFO 12923 --- [user-service] [           main] .s.c.n.e.s.EurekaAutoServiceRegistration : Updating port to 9090
2025-09-17T05:18:33.929+05:30  INFO 12923 --- [user-service] [           main] c.u.userservice.UserServiceApplication   : Started UserServiceApplication in 3.735 seconds (process running for 3.892)
2025-09-17T05:18:36.552+05:30  INFO 12923 --- [user-service] [nfoReplicator-0] com.netflix.discovery.DiscoveryClient    : DiscoveryClient_USER-SERVICE/user-service:bd34a42f528d6f72cdb839995885c254: registering service...
2025-09-17T05:18:36.553+05:30 DEBUG 12923 --- [user-service] [nfoReplicator-0] c.n.d.s.t.d.SessionedEurekaHttpClient    : Ending a session and starting anew
2025-09-17T05:18:36.602+05:30 DEBUG 12923 --- [user-service] [nfoReplicator-0] c.n.d.s.t.d.RedirectingEurekaHttpClient  : Pinning to endpoint null
2025-09-17T05:18:36.602+05:30  INFO 12923 --- [user-service] [nfoReplicator-0] com.netflix.discovery.DiscoveryClient    : DiscoveryClient_USER-SERVICE/user-service:bd34a42f528d6f72cdb839995885c254 - registration status: 204
2025-09-17T05:18:36.602+05:30 DEBUG 12923 --- [user-service] [nfoReplicator-0] c.n.discovery.InstanceInfoReplicator     : Executing on-demand update of local InstanceInfo
2025-09-17T05:18:36.602+05:30 DEBUG 12923 --- [user-service] [nfoReplicator-0] c.n.discovery.InstanceInfoReplicator     : Canceling the latest scheduled update, it will be rescheduled at the end of on demand update
2025-09-17T05:18:38.927+05:30 DEBUG 12923 --- [user-service] [tbeatExecutor-0] com.netflix.discovery.DiscoveryClient    : DiscoveryClient_USER-SERVICE/user-service:bd34a42f528d6f72cdb839995885c254 - Heartbeat status: 200
2025-09-17T05:18:43.939+05:30 DEBUG 12923 --- [user-service] [tbeatExecutor-0] com.netflix.discovery.DiscoveryClient    : DiscoveryClient_USER-SERVICE/user-service:bd34a42f528d6f72cdb839995885c254 - Heartbeat status: 200
2025-09-17T05:18:48.946+05:30 DEBUG 12923 --- [user-service] [tbeatExecutor-0] com.netflix.discovery.DiscoveryClient    : DiscoveryClient_USER-SERVICE/user-service:bd34a42f528d6f72cdb839995885c254 - Heartbeat status: 200
2025-09-17T05:18:53.959+05:30 DEBUG 12923 --- [user-service] [tbeatExecutor-0] com.netflix.discovery.DiscoveryClient    : DiscoveryClient_USER-SERVICE/user-service:bd34a42f528d6f72cdb839995885c254 - Heartbeat status: 200
2025-09-17T05:18:58.972+05:30 DEBUG 12923 --- [user-service] [tbeatExecutor-0] com.netflix.discovery.DiscoveryClient    : DiscoveryClient_USER-SERVICE/user-service:bd34a42f528d6f72cdb839995885c254 - Heartbeat status: 200
2025-09-17T05:19:03.920+05:30 DEBUG 12923 --- [user-service] [freshExecutor-0] com.netflix.discovery.DiscoveryClient    : Got delta update with apps hashcode UP_1_
2025-09-17T05:19:03.920+05:30 DEBUG 12923 --- [user-service] [freshExecutor-0] com.netflix.discovery.DiscoveryClient    : Deleted instance user-service:da96c8cea10abc1c8ce82d155a856901 to the existing apps 
2025-09-17T05:19:03.920+05:30 DEBUG 12923 --- [user-service] [freshExecutor-0] com.netflix.discovery.DiscoveryClient    : Added instance user-service:bd34a42f528d6f72cdb839995885c254 to the existing apps in region null
2025-09-17T05:19:03.920+05:30 DEBUG 12923 --- [user-service] [freshExecutor-0] com.netflix.discovery.DiscoveryClient    : Deleted instance user-service:f197c1207d0114f8abe132d1bad4943e to the existing apps 
2025-09-17T05:19:03.921+05:30 DEBUG 12923 --- [user-service] [freshExecutor-0] com.netflix.discovery.DiscoveryClient    : The total number of instances fetched by the delta processor : 3
2025-09-17T05:19:03.921+05:30 DEBUG 12923 --- [user-service] [freshExecutor-0] com.netflix.discovery.DiscoveryClient    : The total number of all instances in the client now is 1
2025-09-17T05:19:03.922+05:30 DEBUG 12923 --- [user-service] [freshExecutor-0] com.netflix.discovery.DiscoveryClient    : Completed cache refresh task for discovery. All Apps hash code is Local region apps hashcode: UP_1_, is fetching remote regions? false 
2025-09-17T05:19:03.983+05:30 DEBUG 12923 --- [user-service] [tbeatExecutor-0] com.netflix.discovery.DiscoveryClient    : DiscoveryClient_USER-SERVICE/user-service:bd34a42f528d6f72cdb839995885c254 - Heartbeat status: 200
2025-09-17T05:19:06.787+05:30  INFO 12923 --- [user-service] [nio-9090-exec-1] o.a.c.c.C.[Tomcat].[localhost].[/]       : Initializing Spring DispatcherServlet 'dispatcherServlet'
2025-09-17T05:19:06.787+05:30  INFO 12923 --- [user-service] [nio-9090-exec-1] o.s.web.servlet.DispatcherServlet        : Initializing Servlet 'dispatcherServlet'
2025-09-17T05:19:06.788+05:30  INFO 12923 --- [user-service] [nio-9090-exec-1] o.s.web.servlet.DispatcherServlet        : Completed initialization in 1 ms
2025-09-17T05:19:06.795+05:30 DEBUG 12923 --- [user-service] [nio-9090-exec-1] o.s.security.web.FilterChainProxy        : Securing HEAD /actuator/health
2025-09-17T05:19:06.800+05:30  WARN 12923 --- [user-service] [nio-9090-exec-1] o.s.w.s.h.HandlerMappingIntrospector     : Cache miss for REQUEST dispatch to '/actuator/health' (previous null). Performing CorsConfiguration lookup. This is logged once only at WARN level, and every time at TRACE.
🔍 JWT Filter - Processing: /actuator/health
🔍 JWT Filter - Auth Header: null
🔍 JWT Filter - No valid Bearer token, continuing...
2025-09-17T05:19:06.804+05:30 DEBUG 12923 --- [user-service] [nio-9090-exec-1] o.s.s.w.a.AnonymousAuthenticationFilter  : Set SecurityContextHolder to anonymous SecurityContext
2025-09-17T05:19:06.805+05:30  WARN 12923 --- [user-service] [nio-9090-exec-1] o.s.w.s.h.HandlerMappingIntrospector     : Cache miss for REQUEST dispatch to '/actuator/health' (previous null). Performing MatchableHandlerMapping lookup. This is logged once only at WARN level, and every time at TRACE.
2025-09-17T05:19:08.996+05:30 DEBUG 12923 --- [user-service] [tbeatExecutor-0] com.netflix.discovery.DiscoveryClient    : DiscoveryClient_USER-SERVICE/user-service:bd34a42f528d6f72cdb839995885c254 - Heartbeat status: 200
2025-09-17T05:19:14.009+05:30 DEBUG 12923 --- [user-service] [tbeatExecutor-0] com.netflix.discovery.DiscoveryClient    : DiscoveryClient_USER-SERVICE/user-service:bd34a42f528d6f72cdb839995885c254 - Heartbeat status: 200

Timed out waiting for finished message from client socket connection from /127.0.0.1:51248 to /127.0.0.1:59317. Discarding connection.

> Task :user-service:bootRun
2025-09-17T05:19:19.038+05:30 DEBUG 12923 --- [user-service] [tbeatExecutor-0] com.netflix.discovery.DiscoveryClient    : DiscoveryClient_USER-SERVICE/user-service:bd34a42f528d6f72cdb839995885c254 - Heartbeat status: 200
2025-09-17T05:19:24.072+05:30 DEBUG 12923 --- [user-service] [tbeatExecutor-0] com.netflix.discovery.DiscoveryClient    : DiscoveryClient_USER-SERVICE/user-service:bd34a42f528d6f72cdb839995885c254 - Heartbeat status: 200
2025-09-17T05:19:29.115+05:30 DEBUG 12923 --- [user-service] [tbeatExecutor-0] com.netflix.discovery.DiscoveryClient    : DiscoveryClient_USER-SERVICE/user-service:bd34a42f528d6f72cdb839995885c254 - Heartbeat status: 200
2025-09-17T05:19:33.962+05:30 DEBUG 12923 --- [user-service] [freshExecutor-0] com.netflix.discovery.DiscoveryClient    : Got delta update with apps hashcode UP_1_
2025-09-17T05:19:33.962+05:30 DEBUG 12923 --- [user-service] [freshExecutor-0] com.netflix.discovery.DiscoveryClient    : Deleted instance user-service:da96c8cea10abc1c8ce82d155a856901 to the existing apps 
2025-09-17T05:19:33.962+05:30 DEBUG 12923 --- [user-service] [freshExecutor-0] com.netflix.discovery.DiscoveryClient    : Added instance user-service:bd34a42f528d6f72cdb839995885c254 to the existing apps in region null
2025-09-17T05:19:33.962+05:30 DEBUG 12923 --- [user-service] [freshExecutor-0] com.netflix.discovery.DiscoveryClient    : Deleted instance user-service:f197c1207d0114f8abe132d1bad4943e to the existing apps 
2025-09-17T05:19:33.962+05:30 DEBUG 12923 --- [user-service] [freshExecutor-0] com.netflix.discovery.DiscoveryClient    : The total number of instances fetched by the delta processor : 3
2025-09-17T05:19:33.963+05:30 DEBUG 12923 --- [user-service] [freshExecutor-0] com.netflix.discovery.DiscoveryClient    : The total number of all instances in the client now is 1
2025-09-17T05:19:33.968+05:30 DEBUG 12923 --- [user-service] [freshExecutor-0] com.netflix.discovery.DiscoveryClient    : Completed cache refresh task for discovery. All Apps hash code is Local region apps hashcode: UP_1_, is fetching remote regions? false 
2025-09-17T05:19:34.134+05:30 DEBUG 12923 --- [user-service] [tbeatExecutor-0] com.netflix.discovery.DiscoveryClient    : DiscoveryClient_USER-SERVICE/user-service:bd34a42f528d6f72cdb839995885c254 - Heartbeat status: 200
2025-09-17T05:19:39.183+05:30 DEBUG 12923 --- [user-service] [tbeatExecutor-0] com.netflix.discovery.DiscoveryClient    : DiscoveryClient_USER-SERVICE/user-service:bd34a42f528d6f72cdb839995885c254 - Heartbeat status: 200
2025-09-17T05:19:44.226+05:30 DEBUG 12923 --- [user-service] [tbeatExecutor-0] com.netflix.discovery.DiscoveryClient    : DiscoveryClient_USER-SERVICE/user-service:bd34a42f528d6f72cdb839995885c254 - Heartbeat status: 200
2025-09-17T05:19:49.254+05:30 DEBUG 12923 --- [user-service] [tbeatExecutor-0] com.netflix.discovery.DiscoveryClient    : DiscoveryClient_USER-SERVICE/user-service:bd34a42f528d6f72cdb839995885c254 - Heartbeat status: 200
2025-09-17T05:19:54.265+05:30 DEBUG 12923 --- [user-service] [tbeatExecutor-0] com.netflix.discovery.DiscoveryClient    : DiscoveryClient_USER-SERVICE/user-service:bd34a42f528d6f72cdb839995885c254 - Heartbeat status: 200
2025-09-17T05:19:59.274+05:30 DEBUG 12923 --- [user-service] [tbeatExecutor-0] com.netflix.discovery.DiscoveryClient    : DiscoveryClient_USER-SERVICE/user-service:bd34a42f528d6f72cdb839995885c254 - Heartbeat status: 200
2025-09-17T05:20:03.988+05:30 DEBUG 12923 --- [user-service] [freshExecutor-0] com.netflix.discovery.DiscoveryClient    : Got delta update with apps hashcode UP_1_
2025-09-17T05:20:03.988+05:30 DEBUG 12923 --- [user-service] [freshExecutor-0] com.netflix.discovery.DiscoveryClient    : Deleted instance user-service:da96c8cea10abc1c8ce82d155a856901 to the existing apps 
2025-09-17T05:20:03.988+05:30 DEBUG 12923 --- [user-service] [freshExecutor-0] com.netflix.discovery.DiscoveryClient    : Added instance user-service:bd34a42f528d6f72cdb839995885c254 to the existing apps in region null
2025-09-17T05:20:03.989+05:30 DEBUG 12923 --- [user-service] [freshExecutor-0] com.netflix.discovery.DiscoveryClient    : Deleted instance user-service:f197c1207d0114f8abe132d1bad4943e to the existing apps 
2025-09-17T05:20:03.989+05:30 DEBUG 12923 --- [user-service] [freshExecutor-0] com.netflix.discovery.DiscoveryClient    : The total number of instances fetched by the delta processor : 3
2025-09-17T05:20:03.989+05:30 DEBUG 12923 --- [user-service] [freshExecutor-0] com.netflix.discovery.DiscoveryClient    : The total number of all instances in the client now is 1
2025-09-17T05:20:03.989+05:30 DEBUG 12923 --- [user-service] [freshExecutor-0] com.netflix.discovery.DiscoveryClient    : Completed cache refresh task for discovery. All Apps hash code is Local region apps hashcode: UP_1_, is fetching remote regions? false 
2025-09-17T05:20:04.288+05:30 DEBUG 12923 --- [user-service] [tbeatExecutor-0] com.netflix.discovery.DiscoveryClient    : DiscoveryClient_USER-SERVICE/user-service:bd34a42f528d6f72cdb839995885c254 - Heartbeat status: 200
2025-09-17T05:20:09.301+05:30 DEBUG 12923 --- [user-service] [tbeatExecutor-0] com.netflix.discovery.DiscoveryClient    : DiscoveryClient_USER-SERVICE/user-service:bd34a42f528d6f72cdb839995885c254 - Heartbeat status: 200
2025-09-17T05:20:14.329+05:30 DEBUG 12923 --- [user-service] [tbeatExecutor-0] com.netflix.discovery.DiscoveryClient    : DiscoveryClient_USER-SERVICE/user-service:bd34a42f528d6f72cdb839995885c254 - Heartbeat status: 200
2025-09-17T05:20:19.336+05:30 DEBUG 12923 --- [user-service] [tbeatExecutor-0] com.netflix.discovery.DiscoveryClient    : DiscoveryClient_USER-SERVICE/user-service:bd34a42f528d6f72cdb839995885c254 - Heartbeat status: 200
2025-09-17T05:20:24.358+05:30 DEBUG 12923 --- [user-service] [tbeatExecutor-0] com.netflix.discovery.DiscoveryClient    : DiscoveryClient_USER-SERVICE/user-service:bd34a42f528d6f72cdb839995885c254 - Heartbeat status: 200
2025-09-17T05:20:29.391+05:30 DEBUG 12923 --- [user-service] [tbeatExecutor-0] com.netflix.discovery.DiscoveryClient    : DiscoveryClient_USER-SERVICE/user-service:bd34a42f528d6f72cdb839995885c254 - Heartbeat status: 200
2025-09-17T05:20:34.005+05:30 DEBUG 12923 --- [user-service] [freshExecutor-0] com.netflix.discovery.DiscoveryClient    : Got delta update with apps hashcode UP_1_
2025-09-17T05:20:34.005+05:30 DEBUG 12923 --- [user-service] [freshExecutor-0] com.netflix.discovery.DiscoveryClient    : Deleted instance user-service:da96c8cea10abc1c8ce82d155a856901 to the existing apps 
2025-09-17T05:20:34.005+05:30 DEBUG 12923 --- [user-service] [freshExecutor-0] com.netflix.discovery.DiscoveryClient    : Added instance user-service:bd34a42f528d6f72cdb839995885c254 to the existing apps in region null
2025-09-17T05:20:34.006+05:30 DEBUG 12923 --- [user-service] [freshExecutor-0] com.netflix.discovery.DiscoveryClient    : Deleted instance user-service:f197c1207d0114f8abe132d1bad4943e to the existing apps 
2025-09-17T05:20:34.006+05:30 DEBUG 12923 --- [user-service] [freshExecutor-0] com.netflix.discovery.DiscoveryClient    : The total number of instances fetched by the delta processor : 3
2025-09-17T05:20:34.006+05:30 DEBUG 12923 --- [user-service] [freshExecutor-0] com.netflix.discovery.DiscoveryClient    : The total number of all instances in the client now is 1
2025-09-17T05:20:34.006+05:30 DEBUG 12923 --- [user-service] [freshExecutor-0] com.netflix.discovery.DiscoveryClient    : Completed cache refresh task for discovery. All Apps hash code is Local region apps hashcode: UP_1_, is fetching remote regions? false 
2025-09-17T05:20:34.401+05:30 DEBUG 12923 --- [user-service] [tbeatExecutor-0] com.netflix.discovery.DiscoveryClient    : DiscoveryClient_USER-SERVICE/user-service:bd34a42f528d6f72cdb839995885c254 - Heartbeat status: 200
2025-09-17T05:20:39.422+05:30 DEBUG 12923 --- [user-service] [tbeatExecutor-0] com.netflix.discovery.DiscoveryClient    : DiscoveryClient_USER-SERVICE/user-service:bd34a42f528d6f72cdb839995885c254 - Heartbeat status: 200
2025-09-17T05:20:44.429+05:30 DEBUG 12923 --- [user-service] [tbeatExecutor-0] com.netflix.discovery.DiscoveryClient    : DiscoveryClient_USER-SERVICE/user-service:bd34a42f528d6f72cdb839995885c254 - Heartbeat status: 200
2025-09-17T05:20:49.441+05:30 DEBUG 12923 --- [user-service] [tbeatExecutor-0] com.netflix.discovery.DiscoveryClient    : DiscoveryClient_USER-SERVICE/user-service:bd34a42f528d6f72cdb839995885c254 - Heartbeat status: 200
2025-09-17T05:20:54.456+05:30 DEBUG 12923 --- [user-service] [tbeatExecutor-0] com.netflix.discovery.DiscoveryClient    : DiscoveryClient_USER-SERVICE/user-service:bd34a42f528d6f72cdb839995885c254 - Heartbeat status: 200
2025-09-17T05:20:59.463+05:30 DEBUG 12923 --- [user-service] [tbeatExecutor-0] com.netflix.discovery.DiscoveryClient    : DiscoveryClient_USER-SERVICE/user-service:bd34a42f528d6f72cdb839995885c254 - Heartbeat status: 200

> Task :user-service:bootRun FAILED

[Incubating] Problems report is available at: file:///Users/shivakumarpalakkurla/Documents/cyber/cyber_lms/cyber-lms-microservices/build/reports/problems/problems-report.html

FAILURE: Build failed with an exception.

* What went wrong:
Execution failed for task ':user-service:bootRun'.
> Process 'command '/Users/shivakumarpalakkurla/Library/Java/JavaVirtualMachines/openjdk-21.0.1/Contents/Home/bin/java'' finished with non-zero exit value 137

* Try:
> Run with --stacktrace option to get the stack trace.
> Run with --info or --debug option to get more log output.
> Run with --scan to get full insights.
> Get more help at https://help.gradle.org.

Deprecated Gradle features were used in this build, making it incompatible with Gradle 9.0.

You can use '--warning-mode all' to show the individual deprecation warnings and determine if they come from your own scripts or plugins.

For more on this, please refer to https://docs.gradle.org/8.14.3/userguide/command_line_interface.html#sec:command_line_warnings in the Gradle documentation.

BUILD FAILED in 2m 31s
3 actionable tasks: 1 executed, 2 up-to-date
