Starting a Gradle Daemon, 2 busy and 1 incompatible and 2 stopped Daemons could not be reused, use --status for details
> Task :user-service:compileJava UP-TO-DATE
> Task :user-service:processResources UP-TO-DATE
> Task :user-service:classes UP-TO-DATE

> Task :user-service:bootRun

  .   ____          _            __ _ _
 /\\ / ___'_ __ _ _(_)_ __  __ _ \ \ \ \
( ( )\___ | '_ | '_| | '_ \/ _` | \ \ \ \
 \\/  ___)| |_)| | | | | || (_| |  ) ) ) )
  '  |____| .__|_| |_|_| |_\__, | / / / /
 =========|_|==============|___/=/_/_/_/
 :: Spring Boot ::                (v3.2.0)

2025-09-17T05:17:29.322+05:30  INFO 12514 --- [user-service] [           main] c.c.c.ConfigServicePropertySourceLocator : Fetching config from server at : http://localhost:8888
2025-09-17T05:17:29.372+05:30  INFO 12514 --- [user-service] [           main] c.c.c.ConfigServicePropertySourceLocator : Exception on Url - http://localhost:8888:org.springframework.web.client.ResourceAccessException: I/O error on GET request for "http://localhost:8888/user-service/default": Connection refused. Will be trying the next url if available
2025-09-17T05:17:29.372+05:30  WARN 12514 --- [user-service] [           main] c.c.c.ConfigServicePropertySourceLocator : Could not locate PropertySource: I/O error on GET request for "http://localhost:8888/user-service/default": Connection refused
2025-09-17T05:17:29.374+05:30  INFO 12514 --- [user-service] [           main] c.u.userservice.UserServiceApplication   : No active profile set, falling back to 1 default profile: "default"
2025-09-17T05:17:29.807+05:30  INFO 12514 --- [user-service] [           main] .s.d.r.c.RepositoryConfigurationDelegate : Bootstrapping Spring Data JPA repositories in DEFAULT mode.
2025-09-17T05:17:29.872+05:30  INFO 12514 --- [user-service] [           main] .s.d.r.c.RepositoryConfigurationDelegate : Finished Spring Data repository scanning in 59 ms. Found 2 JPA repository interfaces.
2025-09-17T05:17:29.997+05:30  INFO 12514 --- [user-service] [           main] o.s.cloud.context.scope.GenericScope     : BeanFactory id=efe1e069-34e9-3fa7-8914-a5d22b84273f
2025-09-17T05:17:30.182+05:30  WARN 12514 --- [user-service] [           main] trationDelegate$BeanPostProcessorChecker : Bean 'org.springframework.cloud.client.loadbalancer.LoadBalancerAutoConfiguration$LoadBalancerInterceptorConfig' of type [org.springframework.cloud.client.loadbalancer.LoadBalancerAutoConfiguration$LoadBalancerInterceptorConfig] is not eligible for getting processed by all BeanPostProcessors (for example: not eligible for auto-proxying). The currently created BeanPostProcessor [lbRestClientPostProcessor] is declared through a non-static factory method on that class; consider declaring it as static instead.
2025-09-17T05:17:30.184+05:30  WARN 12514 --- [user-service] [           main] trationDelegate$BeanPostProcessorChecker : Bean 'org.springframework.cloud.loadbalancer.config.BlockingLoadBalancerClientAutoConfiguration' of type [org.springframework.cloud.loadbalancer.config.BlockingLoadBalancerClientAutoConfiguration] is not eligible for getting processed by all BeanPostProcessors (for example: not eligible for auto-proxying). Is this bean getting eagerly injected into a currently created BeanPostProcessor [lbRestClientPostProcessor]? Check the corresponding BeanPostProcessor declaration and its dependencies.
2025-09-17T05:17:30.186+05:30  WARN 12514 --- [user-service] [           main] trationDelegate$BeanPostProcessorChecker : Bean 'org.springframework.cloud.loadbalancer.config.LoadBalancerAutoConfiguration' of type [org.springframework.cloud.loadbalancer.config.LoadBalancerAutoConfiguration] is not eligible for getting processed by all BeanPostProcessors (for example: not eligible for auto-proxying). Is this bean getting eagerly injected into a currently created BeanPostProcessor [lbRestClientPostProcessor]? Check the corresponding BeanPostProcessor declaration and its dependencies.
2025-09-17T05:17:30.190+05:30  WARN 12514 --- [user-service] [           main] trationDelegate$BeanPostProcessorChecker : Bean 'org.springframework.cloud.commons.config.CommonsConfigAutoConfiguration' of type [org.springframework.cloud.commons.config.CommonsConfigAutoConfiguration] is not eligible for getting processed by all BeanPostProcessors (for example: not eligible for auto-proxying). Is this bean getting eagerly injected into a currently created BeanPostProcessor [lbRestClientPostProcessor]? Check the corresponding BeanPostProcessor declaration and its dependencies.
2025-09-17T05:17:30.191+05:30  WARN 12514 --- [user-service] [           main] trationDelegate$BeanPostProcessorChecker : Bean 'org.springframework.cloud.client.loadbalancer.LoadBalancerDefaultMappingsProviderAutoConfiguration' of type [org.springframework.cloud.client.loadbalancer.LoadBalancerDefaultMappingsProviderAutoConfiguration] is not eligible for getting processed by all BeanPostProcessors (for example: not eligible for auto-proxying). Is this bean getting eagerly injected into a currently created BeanPostProcessor [lbRestClientPostProcessor]? Check the corresponding BeanPostProcessor declaration and its dependencies.
2025-09-17T05:17:30.192+05:30  WARN 12514 --- [user-service] [           main] trationDelegate$BeanPostProcessorChecker : Bean 'loadBalancerClientsDefaultsMappingsProvider' of type [org.springframework.cloud.client.loadbalancer.LoadBalancerDefaultMappingsProviderAutoConfiguration$$Lambda/0x000000f0014fe788] is not eligible for getting processed by all BeanPostProcessors (for example: not eligible for auto-proxying). Is this bean getting eagerly injected into a currently created BeanPostProcessor [lbRestClientPostProcessor]? Check the corresponding BeanPostProcessor declaration and its dependencies.
2025-09-17T05:17:30.193+05:30  WARN 12514 --- [user-service] [           main] trationDelegate$BeanPostProcessorChecker : Bean 'defaultsBindHandlerAdvisor' of type [org.springframework.cloud.commons.config.DefaultsBindHandlerAdvisor] is not eligible for getting processed by all BeanPostProcessors (for example: not eligible for auto-proxying). Is this bean getting eagerly injected into a currently created BeanPostProcessor [lbRestClientPostProcessor]? Check the corresponding BeanPostProcessor declaration and its dependencies.
2025-09-17T05:17:30.197+05:30  WARN 12514 --- [user-service] [           main] trationDelegate$BeanPostProcessorChecker : Bean 'spring.cloud.loadbalancer-org.springframework.cloud.client.loadbalancer.LoadBalancerClientsProperties' of type [org.springframework.cloud.client.loadbalancer.LoadBalancerClientsProperties] is not eligible for getting processed by all BeanPostProcessors (for example: not eligible for auto-proxying). Is this bean getting eagerly injected into a currently created BeanPostProcessor [lbRestClientPostProcessor]? Check the corresponding BeanPostProcessor declaration and its dependencies.
2025-09-17T05:17:30.201+05:30  WARN 12514 --- [user-service] [           main] trationDelegate$BeanPostProcessorChecker : Bean 'default.org.springframework.cloud.loadbalancer.config.LoadBalancerAutoConfiguration.LoadBalancerClientSpecification' of type [org.springframework.cloud.loadbalancer.annotation.LoadBalancerClientSpecification] is not eligible for getting processed by all BeanPostProcessors (for example: not eligible for auto-proxying). Is this bean getting eagerly injected into a currently created BeanPostProcessor [lbRestClientPostProcessor]? Check the corresponding BeanPostProcessor declaration and its dependencies.
2025-09-17T05:17:30.202+05:30  WARN 12514 --- [user-service] [           main] trationDelegate$BeanPostProcessorChecker : Bean 'default.org.springframework.cloud.loadbalancer.config.BlockingLoadBalancerClientAutoConfiguration.LoadBalancerClientSpecification' of type [org.springframework.cloud.loadbalancer.annotation.LoadBalancerClientSpecification] is not eligible for getting processed by all BeanPostProcessors (for example: not eligible for auto-proxying). Is this bean getting eagerly injected into a currently created BeanPostProcessor [lbRestClientPostProcessor]? Check the corresponding BeanPostProcessor declaration and its dependencies.
2025-09-17T05:17:30.203+05:30  WARN 12514 --- [user-service] [           main] trationDelegate$BeanPostProcessorChecker : Bean 'default.org.springframework.cloud.netflix.eureka.loadbalancer.LoadBalancerEurekaAutoConfiguration.LoadBalancerClientSpecification' of type [org.springframework.cloud.loadbalancer.annotation.LoadBalancerClientSpecification] is not eligible for getting processed by all BeanPostProcessors (for example: not eligible for auto-proxying). Is this bean getting eagerly injected into a currently created BeanPostProcessor [lbRestClientPostProcessor]? Check the corresponding BeanPostProcessor declaration and its dependencies.
2025-09-17T05:17:30.203+05:30  WARN 12514 --- [user-service] [           main] trationDelegate$BeanPostProcessorChecker : Bean 'loadBalancerClientFactory' of type [org.springframework.cloud.loadbalancer.support.LoadBalancerClientFactory] is not eligible for getting processed by all BeanPostProcessors (for example: not eligible for auto-proxying). Is this bean getting eagerly injected into a currently created BeanPostProcessor [lbRestClientPostProcessor]? Check the corresponding BeanPostProcessor declaration and its dependencies.
2025-09-17T05:17:30.208+05:30  WARN 12514 --- [user-service] [           main] trationDelegate$BeanPostProcessorChecker : Bean 'blockingLoadBalancerClient' of type [org.springframework.cloud.loadbalancer.blocking.client.BlockingLoadBalancerClient] is not eligible for getting processed by all BeanPostProcessors (for example: not eligible for auto-proxying). Is this bean getting eagerly injected into a currently created BeanPostProcessor [lbRestClientPostProcessor]? Check the corresponding BeanPostProcessor declaration and its dependencies.
2025-09-17T05:17:30.212+05:30  WARN 12514 --- [user-service] [           main] trationDelegate$BeanPostProcessorChecker : Bean 'loadBalancerServiceInstanceCookieTransformer' of type [org.springframework.cloud.loadbalancer.core.LoadBalancerServiceInstanceCookieTransformer] is not eligible for getting processed by all BeanPostProcessors (for example: not eligible for auto-proxying). Is this bean getting eagerly injected into a currently created BeanPostProcessor [lbRestClientPostProcessor]? Check the corresponding BeanPostProcessor declaration and its dependencies.
2025-09-17T05:17:30.213+05:30  WARN 12514 --- [user-service] [           main] trationDelegate$BeanPostProcessorChecker : Bean 'xForwarderHeadersTransformer' of type [org.springframework.cloud.loadbalancer.blocking.XForwardedHeadersTransformer] is not eligible for getting processed by all BeanPostProcessors (for example: not eligible for auto-proxying). Is this bean getting eagerly injected into a currently created BeanPostProcessor [lbRestClientPostProcessor]? Check the corresponding BeanPostProcessor declaration and its dependencies.
2025-09-17T05:17:30.214+05:30  WARN 12514 --- [user-service] [           main] trationDelegate$BeanPostProcessorChecker : Bean 'org.springframework.cloud.client.loadbalancer.LoadBalancerAutoConfiguration' of type [org.springframework.cloud.client.loadbalancer.LoadBalancerAutoConfiguration] is not eligible for getting processed by all BeanPostProcessors (for example: not eligible for auto-proxying). Is this bean getting eagerly injected into a currently created BeanPostProcessor [lbRestClientPostProcessor]? Check the corresponding BeanPostProcessor declaration and its dependencies.
2025-09-17T05:17:30.215+05:30  WARN 12514 --- [user-service] [           main] trationDelegate$BeanPostProcessorChecker : Bean 'loadBalancerRequestFactory' of type [org.springframework.cloud.client.loadbalancer.LoadBalancerRequestFactory] is not eligible for getting processed by all BeanPostProcessors (for example: not eligible for auto-proxying). Is this bean getting eagerly injected into a currently created BeanPostProcessor [lbRestClientPostProcessor]? Check the corresponding BeanPostProcessor declaration and its dependencies.
2025-09-17T05:17:30.216+05:30  WARN 12514 --- [user-service] [           main] trationDelegate$BeanPostProcessorChecker : Bean 'loadBalancerInterceptor' of type [org.springframework.cloud.client.loadbalancer.LoadBalancerInterceptor] is not eligible for getting processed by all BeanPostProcessors (for example: not eligible for auto-proxying). Is this bean getting eagerly injected into a currently created BeanPostProcessor [lbRestClientPostProcessor]? Check the corresponding BeanPostProcessor declaration and its dependencies.
2025-09-17T05:17:30.367+05:30  INFO 12514 --- [user-service] [           main] o.s.b.w.embedded.tomcat.TomcatWebServer  : Tomcat initialized with port 9090 (http)
2025-09-17T05:17:30.371+05:30  INFO 12514 --- [user-service] [           main] o.apache.catalina.core.StandardService   : Starting service [Tomcat]
2025-09-17T05:17:30.371+05:30  INFO 12514 --- [user-service] [           main] o.apache.catalina.core.StandardEngine    : Starting Servlet engine: [Apache Tomcat/10.1.16]
2025-09-17T05:17:30.398+05:30  INFO 12514 --- [user-service] [           main] o.a.c.c.C.[Tomcat].[localhost].[/]       : Initializing Spring embedded WebApplicationContext
2025-09-17T05:17:30.399+05:30  INFO 12514 --- [user-service] [           main] w.s.c.ServletWebServerApplicationContext : Root WebApplicationContext: initialization completed in 1018 ms
2025-09-17T05:17:30.625+05:30  INFO 12514 --- [user-service] [           main] o.hibernate.jpa.internal.util.LogHelper  : HHH000204: Processing PersistenceUnitInfo [name: default]
2025-09-17T05:17:30.685+05:30  INFO 12514 --- [user-service] [           main] org.hibernate.Version                    : HHH000412: Hibernate ORM core version 6.3.1.Final
2025-09-17T05:17:30.709+05:30  INFO 12514 --- [user-service] [           main] o.h.c.internal.RegionFactoryInitiator    : HHH000026: Second-level cache disabled
2025-09-17T05:17:30.850+05:30  INFO 12514 --- [user-service] [           main] o.s.o.j.p.SpringPersistenceUnitInfo      : No LoadTimeWeaver setup: ignoring JPA class transformer
2025-09-17T05:17:30.867+05:30  INFO 12514 --- [user-service] [           main] com.zaxxer.hikari.HikariDataSource       : HikariPool-1 - Starting...
2025-09-17T05:17:30.925+05:30  INFO 12514 --- [user-service] [           main] com.zaxxer.hikari.pool.HikariPool        : HikariPool-1 - Added connection org.postgresql.jdbc.PgConnection@1fa796a4
2025-09-17T05:17:30.925+05:30  INFO 12514 --- [user-service] [           main] com.zaxxer.hikari.HikariDataSource       : HikariPool-1 - Start completed.
2025-09-17T05:17:30.958+05:30  WARN 12514 --- [user-service] [           main] org.hibernate.orm.deprecation            : HHH90000025: PostgreSQLDialect does not need to be specified explicitly using 'hibernate.dialect' (remove the property setting and it will be selected by default)
2025-09-17T05:17:31.445+05:30  INFO 12514 --- [user-service] [           main] o.h.e.t.j.p.i.JtaPlatformInitiator       : HHH000489: No JTA platform available (set 'hibernate.transaction.jta.platform' to enable JTA platform integration)
2025-09-17T05:17:31.510+05:30  INFO 12514 --- [user-service] [           main] j.LocalContainerEntityManagerFactoryBean : Initialized JPA EntityManagerFactory for persistence unit 'default'
2025-09-17T05:17:31.835+05:30  WARN 12514 --- [user-service] [           main] JpaBaseConfiguration$JpaWebConfiguration : spring.jpa.open-in-view is enabled by default. Therefore, database queries may be performed during view rendering. Explicitly configure spring.jpa.open-in-view to disable this warning
2025-09-17T05:17:31.920+05:30 DEBUG 12514 --- [user-service] [           main] swordEncoderAuthenticationManagerBuilder : No authenticationProviders and no parentAuthenticationManager defined. Returning null.
2025-09-17T05:17:32.238+05:30  INFO 12514 --- [user-service] [           main] o.s.b.a.e.web.EndpointLinksResolver      : Exposing 3 endpoint(s) beneath base path '/actuator'
2025-09-17T05:17:32.299+05:30  INFO 12514 --- [user-service] [           main] o.s.s.web.DefaultSecurityFilterChain     : Will secure any request with [org.springframework.security.web.session.DisableEncodeUrlFilter@6fb8cfa7, org.springframework.security.web.context.request.async.WebAsyncManagerIntegrationFilter@4015c65b, org.springframework.security.web.context.SecurityContextHolderFilter@456d3914, org.springframework.security.web.header.HeaderWriterFilter@33c5d3e, org.springframework.web.filter.CorsFilter@16486ab3, org.springframework.security.web.authentication.logout.LogoutFilter@66008321, com.userservice.userservice.security.JwtAuthFilter@37caecda, org.springframework.security.web.savedrequest.RequestCacheAwareFilter@42748f59, org.springframework.security.web.servletapi.SecurityContextHolderAwareRequestFilter@6a9e88f1, org.springframework.security.web.authentication.AnonymousAuthenticationFilter@1b13e4fb, org.springframework.security.web.session.SessionManagementFilter@27acd9a7, org.springframework.security.web.access.ExceptionTranslationFilter@286f8e90, org.springframework.security.web.access.intercept.AuthorizationFilter@273cb729]
2025-09-17T05:17:32.569+05:30  INFO 12514 --- [user-service] [           main] DiscoveryClientOptionalArgsConfiguration : Eureka HTTP Client uses RestTemplate.
2025-09-17T05:17:32.593+05:30  WARN 12514 --- [user-service] [           main] iguration$LoadBalancerCaffeineWarnLogger : Spring Cloud LoadBalancer is currently working with the default cache. While this cache implementation is useful for development and tests, it's recommended to use Caffeine cache in production.You can switch to using Caffeine cache, by adding it and org.springframework.cache.caffeine.CaffeineCacheManager to the classpath.
2025-09-17T05:17:32.641+05:30  INFO 12514 --- [user-service] [           main] o.s.c.n.eureka.InstanceInfoFactory       : Setting initial instance status as: STARTING
2025-09-17T05:17:32.693+05:30  INFO 12514 --- [user-service] [           main] com.netflix.discovery.DiscoveryClient    : Initializing Eureka in region us-east-1
2025-09-17T05:17:32.695+05:30  INFO 12514 --- [user-service] [           main] c.n.d.s.r.aws.ConfigClusterResolver      : Resolving eureka endpoints via configuration
2025-09-17T05:17:32.695+05:30 DEBUG 12514 --- [user-service] [           main] c.n.discovery.endpoint.EndpointUtils     : The availability zone for the given region us-east-1 are [defaultZone]
2025-09-17T05:17:32.695+05:30 DEBUG 12514 --- [user-service] [           main] c.n.d.s.r.aws.ConfigClusterResolver      : Config resolved to [AwsEndpoint{ serviceUrl='http://localhost:8761/eureka/', region='us-east-1', zone='defaultZone'}]
2025-09-17T05:17:32.695+05:30 DEBUG 12514 --- [user-service] [           main] c.n.d.s.r.a.ZoneAffinityClusterResolver  : Local zone=defaultZone; resolved to: [AwsEndpoint{ serviceUrl='http://localhost:8761/eureka/', region='us-east-1', zone='defaultZone'}]
2025-09-17T05:17:32.704+05:30  INFO 12514 --- [user-service] [           main] com.netflix.discovery.DiscoveryClient    : Disable delta property : false
2025-09-17T05:17:32.704+05:30  INFO 12514 --- [user-service] [           main] com.netflix.discovery.DiscoveryClient    : Single vip registry refresh property : null
2025-09-17T05:17:32.704+05:30  INFO 12514 --- [user-service] [           main] com.netflix.discovery.DiscoveryClient    : Force full registry fetch : false
2025-09-17T05:17:32.704+05:30  INFO 12514 --- [user-service] [           main] com.netflix.discovery.DiscoveryClient    : Application is null : false
2025-09-17T05:17:32.704+05:30  INFO 12514 --- [user-service] [           main] com.netflix.discovery.DiscoveryClient    : Registered Applications size is zero : true
2025-09-17T05:17:32.704+05:30  INFO 12514 --- [user-service] [           main] com.netflix.discovery.DiscoveryClient    : Application version is -1: true
2025-09-17T05:17:32.704+05:30  INFO 12514 --- [user-service] [           main] com.netflix.discovery.DiscoveryClient    : Getting all instance registry info from the eureka server
2025-09-17T05:17:32.704+05:30 DEBUG 12514 --- [user-service] [           main] c.n.d.s.t.d.SessionedEurekaHttpClient    : Ending a session and starting anew
2025-09-17T05:17:32.825+05:30 DEBUG 12514 --- [user-service] [           main] c.n.d.s.t.d.RedirectingEurekaHttpClient  : Pinning to endpoint null
2025-09-17T05:17:32.826+05:30  INFO 12514 --- [user-service] [           main] com.netflix.discovery.DiscoveryClient    : The response status is 200
2025-09-17T05:17:32.827+05:30 DEBUG 12514 --- [user-service] [           main] com.netflix.discovery.DiscoveryClient    : Got full registry with apps hashcode UP_1_
2025-09-17T05:17:32.827+05:30 DEBUG 12514 --- [user-service] [           main] com.netflix.discovery.DiscoveryClient    : The total number of all instances in the client now is 1
2025-09-17T05:17:32.827+05:30  INFO 12514 --- [user-service] [           main] com.netflix.discovery.DiscoveryClient    : Starting heartbeat executor: renew interval is: 5
2025-09-17T05:17:32.828+05:30  INFO 12514 --- [user-service] [           main] c.n.discovery.InstanceInfoReplicator     : InstanceInfoReplicator onDemand update allowed rate per min is 4
2025-09-17T05:17:32.830+05:30  INFO 12514 --- [user-service] [           main] com.netflix.discovery.DiscoveryClient    : Discovery Client initialized at timestamp 1758066452829 with initial instances count: 1
2025-09-17T05:17:32.830+05:30 DEBUG 12514 --- [user-service] [nfoReplicator-0] c.n.discovery.InstanceInfoReplicator     : Executing on-demand update of local InstanceInfo
2025-09-17T05:17:32.830+05:30 DEBUG 12514 --- [user-service] [nfoReplicator-0] c.n.discovery.InstanceInfoReplicator     : Canceling the latest scheduled update, it will be rescheduled at the end of on demand update
2025-09-17T05:17:32.836+05:30  INFO 12514 --- [user-service] [           main] o.s.c.n.e.s.EurekaServiceRegistry        : Registering application USER-SERVICE with eureka with status UP
2025-09-17T05:17:32.836+05:30  INFO 12514 --- [user-service] [           main] com.netflix.discovery.DiscoveryClient    : Saw local status change event StatusChangeEvent [timestamp=1758066452836, current=UP, previous=STARTING]
2025-09-17T05:17:32.836+05:30  WARN 12514 --- [user-service] [           main] c.n.discovery.InstanceInfoReplicator     : Ignoring onDemand update due to rate limiter
2025-09-17T05:17:32.841+05:30  INFO 12514 --- [user-service] [           main] o.s.c.n.e.s.EurekaServiceRegistry        : Unregistering application USER-SERVICE with eureka with status DOWN
2025-09-17T05:17:32.841+05:30  INFO 12514 --- [user-service] [           main] com.netflix.discovery.DiscoveryClient    : Saw local status change event StatusChangeEvent [timestamp=1758066452841, current=DOWN, previous=UP]
2025-09-17T05:17:32.841+05:30  WARN 12514 --- [user-service] [           main] c.n.discovery.InstanceInfoReplicator     : Ignoring onDemand update due to rate limiter
2025-09-17T05:17:32.841+05:30  WARN 12514 --- [user-service] [           main] ConfigServletWebServerApplicationContext : Exception encountered during context initialization - cancelling refresh attempt: org.springframework.context.ApplicationContextException: Failed to start bean 'webServerStartStop'
2025-09-17T05:17:32.844+05:30  INFO 12514 --- [user-service] [           main] j.LocalContainerEntityManagerFactoryBean : Closing JPA EntityManagerFactory for persistence unit 'default'
2025-09-17T05:17:32.847+05:30  INFO 12514 --- [user-service] [           main] com.zaxxer.hikari.HikariDataSource       : HikariPool-1 - Shutdown initiated...
2025-09-17T05:17:32.848+05:30  INFO 12514 --- [user-service] [           main] com.zaxxer.hikari.HikariDataSource       : HikariPool-1 - Shutdown completed.
2025-09-17T05:17:32.849+05:30  INFO 12514 --- [user-service] [           main] com.netflix.discovery.DiscoveryClient    : Shutting down DiscoveryClient ...
2025-09-17T05:17:35.598+05:30  WARN 12514 --- [user-service] [nfoReplicator-0] o.s.c.h.RefreshScopeHealthIndicator      : Health check failed

org.springframework.beans.factory.BeanCreationNotAllowedException: Error creating bean with name 'refreshScope': Singleton bean creation not allowed while singletons of this factory are in destruction (Do not request a bean from a BeanFactory in a destroy method implementation!)
	at org.springframework.beans.factory.support.DefaultSingletonBeanRegistry.getSingleton(DefaultSingletonBeanRegistry.java:220) ~[spring-beans-6.1.1.jar:6.1.1]
	at org.springframework.beans.factory.support.AbstractBeanFactory.doGetBean(AbstractBeanFactory.java:323) ~[spring-beans-6.1.1.jar:6.1.1]
	at org.springframework.beans.factory.support.AbstractBeanFactory.getBean(AbstractBeanFactory.java:199) ~[spring-beans-6.1.1.jar:6.1.1]
	at org.springframework.beans.factory.config.DependencyDescriptor.resolveCandidate(DependencyDescriptor.java:254) ~[spring-beans-6.1.1.jar:6.1.1]
	at org.springframework.beans.factory.support.DefaultListableBeanFactory.doResolveDependency(DefaultListableBeanFactory.java:1441) ~[spring-beans-6.1.1.jar:6.1.1]
	at org.springframework.beans.factory.support.DefaultListableBeanFactory$DependencyObjectProvider.getIfAvailable(DefaultListableBeanFactory.java:2110) ~[spring-beans-6.1.1.jar:6.1.1]
	at org.springframework.cloud.health.RefreshScopeHealthIndicator.doHealthCheck(RefreshScopeHealthIndicator.java:48) ~[spring-cloud-context-4.1.0.jar:4.1.0]
	at org.springframework.boot.actuate.health.AbstractHealthIndicator.health(AbstractHealthIndicator.java:82) ~[spring-boot-actuator-3.2.0.jar:3.2.0]
	at org.springframework.cloud.netflix.eureka.EurekaHealthCheckHandler.processContributor(EurekaHealthCheckHandler.java:162) ~[spring-cloud-netflix-eureka-client-4.1.0.jar:4.1.0]
	at org.springframework.cloud.netflix.eureka.EurekaHealthCheckHandler.getStatus(EurekaHealthCheckHandler.java:147) ~[spring-cloud-netflix-eureka-client-4.1.0.jar:4.1.0]
	at org.springframework.cloud.netflix.eureka.EurekaHealthCheckHandler.getHealthStatus(EurekaHealthCheckHandler.java:140) ~[spring-cloud-netflix-eureka-client-4.1.0.jar:4.1.0]
	at org.springframework.cloud.netflix.eureka.EurekaHealthCheckHandler.getStatus(EurekaHealthCheckHandler.java:129) ~[spring-cloud-netflix-eureka-client-4.1.0.jar:4.1.0]
	at com.netflix.discovery.DiscoveryClient.refreshInstanceInfo(DiscoveryClient.java:1384) ~[eureka-client-2.0.1.jar:2.0.1]
	at com.netflix.discovery.InstanceInfoReplicator.run(InstanceInfoReplicator.java:117) ~[eureka-client-2.0.1.jar:2.0.1]
	at com.netflix.discovery.InstanceInfoReplicator$1.run(InstanceInfoReplicator.java:101) ~[eureka-client-2.0.1.jar:2.0.1]
	at java.base/java.util.concurrent.Executors$RunnableAdapter.call(Executors.java:572) ~[na:na]
	at java.base/java.util.concurrent.FutureTask.run(FutureTask.java:317) ~[na:na]
	at java.base/java.util.concurrent.ScheduledThreadPoolExecutor$ScheduledFutureTask.run(ScheduledThreadPoolExecutor.java:304) ~[na:na]
	at java.base/java.util.concurrent.ThreadPoolExecutor.runWorker(ThreadPoolExecutor.java:1144) ~[na:na]
	at java.base/java.util.concurrent.ThreadPoolExecutor$Worker.run(ThreadPoolExecutor.java:642) ~[na:na]
	at java.base/java.lang.Thread.run(Thread.java:1583) ~[na:na]

2025-09-17T05:17:35.603+05:30  INFO 12514 --- [user-service] [nfoReplicator-0] com.netflix.discovery.DiscoveryClient    : DiscoveryClient_USER-SERVICE/user-service:da96c8cea10abc1c8ce82d155a856901: registering service...
2025-09-17T05:17:35.604+05:30 DEBUG 12514 --- [user-service] [nfoReplicator-0] c.n.d.s.t.d.SessionedEurekaHttpClient    : Ending a session and starting anew
2025-09-17T05:17:35.649+05:30 DEBUG 12514 --- [user-service] [nfoReplicator-0] c.n.d.s.t.d.RedirectingEurekaHttpClient  : Pinning to endpoint null
2025-09-17T05:17:35.649+05:30  INFO 12514 --- [user-service] [nfoReplicator-0] com.netflix.discovery.DiscoveryClient    : DiscoveryClient_USER-SERVICE/user-service:da96c8cea10abc1c8ce82d155a856901 - registration status: 204
2025-09-17T05:17:35.649+05:30 DEBUG 12514 --- [user-service] [nfoReplicator-0] c.n.discovery.InstanceInfoReplicator     : Executing on-demand update of local InstanceInfo
2025-09-17T05:17:35.650+05:30  INFO 12514 --- [user-service] [           main] com.netflix.discovery.DiscoveryClient    : Unregistering ...
2025-09-17T05:17:35.655+05:30  INFO 12514 --- [user-service] [           main] com.netflix.discovery.DiscoveryClient    : DiscoveryClient_USER-SERVICE/user-service:da96c8cea10abc1c8ce82d155a856901 - deregister  status: 200
2025-09-17T05:17:35.658+05:30  INFO 12514 --- [user-service] [           main] com.netflix.discovery.DiscoveryClient    : Completed shut down of DiscoveryClient
2025-09-17T05:17:35.658+05:30  INFO 12514 --- [user-service] [           main] o.apache.catalina.core.StandardService   : Stopping service [Tomcat]
2025-09-17T05:17:35.670+05:30  INFO 12514 --- [user-service] [           main] .s.b.a.l.ConditionEvaluationReportLogger : 

Error starting ApplicationContext. To display the condition evaluation report re-run your application with 'debug' enabled.
2025-09-17T05:17:35.678+05:30 ERROR 12514 --- [user-service] [           main] o.s.b.d.LoggingFailureAnalysisReporter   : 

***************************
APPLICATION FAILED TO START
***************************

Description:

Web server failed to start. Port 9090 was already in use.

Action:

Identify and stop the process that's listening on port 9090 or configure this application to listen on another port.


> Task :user-service:bootRun FAILED

[Incubating] Problems report is available at: file:///Users/shivakumarpalakkurla/Documents/cyber/cyber_lms/cyber-lms-microservices/build/reports/problems/problems-report.html

FAILURE: Build failed with an exception.

* What went wrong:
Execution failed for task ':user-service:bootRun'.
> Process 'command '/Users/shivakumarpalakkurla/Library/Java/JavaVirtualMachines/openjdk-21.0.1/Contents/Home/bin/java'' finished with non-zero exit value 1

* Try:
> Run with --stacktrace option to get the stack trace.
> Run with --info or --debug option to get more log output.
> Run with --scan to get full insights.
> Get more help at https://help.gradle.org.

Deprecated Gradle features were used in this build, making it incompatible with Gradle 9.0.

You can use '--warning-mode all' to show the individual deprecation warnings and determine if they come from your own scripts or plugins.

For more on this, please refer to https://docs.gradle.org/8.14.3/userguide/command_line_interface.html#sec:command_line_warnings in the Gradle documentation.

BUILD FAILED in 12s
3 actionable tasks: 1 executed, 2 up-to-date
