2025-10-11 23:02:46.796 [Test worker] INFO  c.u.u.UserserviceApplicationTests - Starting UserserviceApplicationTests using Java 21.0.8 with PID 18848 (started by sridh in C:\Users\sridh\OneDrive\Desktop\cyber-lms-microservices\cyber-lms-microservices\user-service)
2025-10-11 23:02:46.821 [Test worker] DEBUG c.u.u.UserserviceApplicationTests - Running with Spring Boot v3.2.4, Spring v6.1.5
2025-10-11 23:02:46.826 [Test worker] INFO  c.u.u.UserserviceApplicationTests - The following 1 profile is active: "test"
2025-10-11 23:02:51.794 [Test worker] INFO  o.s.d.r.c.RepositoryConfigurationDelegate - Multiple Spring Data modules found, entering strict repository configuration mode
2025-10-11 23:02:51.801 [Test worker] INFO  o.s.d.r.c.RepositoryConfigurationDelegate - Bootstrapping Spring Data JPA repositories in DEFAULT mode.
2025-10-11 23:02:52.337 [Test worker] INFO  o.s.d.r.c.RepositoryConfigurationDelegate - Finished Spring Data repository scanning in 509 ms. Found 1 JPA repository interface.
2025-10-11 23:02:52.412 [Test worker] INFO  o.s.d.r.c.RepositoryConfigurationDelegate - Multiple Spring Data modules found, entering strict repository configuration mode
2025-10-11 23:02:52.418 [Test worker] INFO  o.s.d.r.c.RepositoryConfigurationDelegate - Bootstrapping Spring Data Redis repositories in DEFAULT mode.
2025-10-11 23:02:52.508 [Test worker] INFO  o.s.d.r.c.RepositoryConfigurationExtensionSupport - Spring Data Redis - Could not safely identify store assignment for repository candidate interface com.userservice.userservice.repository.UserRepository; If you want this repository to be a Redis repository, consider annotating your entities with one of these annotations: org.springframework.data.redis.core.RedisHash (preferred), or consider extending one of the following types with your repository: org.springframework.data.keyvalue.repository.KeyValueRepository
2025-10-11 23:02:52.510 [Test worker] INFO  o.s.d.r.c.RepositoryConfigurationDelegate - Finished Spring Data repository scanning in 41 ms. Found 0 Redis repository interfaces.
2025-10-11 23:02:55.368 [Test worker] DEBUG o.s.o.j.LocalContainerEntityManagerFactoryBean - Building JPA container EntityManagerFactory for persistence unit 'default'
2025-10-11 23:02:56.409 [Test worker] INFO  o.s.o.j.p.SpringPersistenceUnitInfo - No LoadTimeWeaver setup: ignoring JPA class transformer
2025-10-11 23:02:56.468 [Test worker] INFO  com.zaxxer.hikari.HikariDataSource - HikariPool-1 - Starting...
2025-10-11 23:02:56.944 [Test worker] INFO  com.zaxxer.hikari.pool.HikariPool - HikariPool-1 - Added connection org.postgresql.jdbc.PgConnection@558aa1f1
2025-10-11 23:02:56.950 [Test worker] INFO  com.zaxxer.hikari.HikariDataSource - HikariPool-1 - Start completed.
2025-10-11 23:02:57.088 [Test worker] WARN  org.hibernate.orm.deprecation - HHH90000025: PostgreSQLDialect does not need to be specified explicitly using 'hibernate.dialect' (remove the property setting and it will be selected by default)
2025-10-11 23:03:00.189 [Test worker] INFO  o.s.o.j.LocalContainerEntityManagerFactoryBean - Initialized JPA EntityManagerFactory for persistence unit 'default'
2025-10-11 23:03:01.076 [Test worker] DEBUG o.s.o.j.SharedEntityManagerCreator$SharedEntityManagerInvocationHandler - Creating new EntityManager for shared EntityManager invocation
2025-10-11 23:03:01.202 [Test worker] DEBUG o.s.o.j.SharedEntityManagerCreator$SharedEntityManagerInvocationHandler - Creating new EntityManager for shared EntityManager invocation
2025-10-11 23:03:01.543 [Test worker] DEBUG o.s.o.j.SharedEntityManagerCreator$SharedEntityManagerInvocationHandler - Creating new EntityManager for shared EntityManager invocation
2025-10-11 23:03:02.391 [Test worker] DEBUG o.s.o.j.SharedEntityManagerCreator$SharedEntityManagerInvocationHandler - Creating new EntityManager for shared EntityManager invocation
2025-10-11 23:03:02.591 [Test worker] DEBUG o.s.o.j.SharedEntityManagerCreator$SharedEntityManagerInvocationHandler - Creating new EntityManager for shared EntityManager invocation
2025-10-11 23:03:05.078 [Test worker] WARN  o.s.b.a.o.j.JpaBaseConfiguration$JpaWebConfiguration - spring.jpa.open-in-view is enabled by default. Therefore, database queries may be performed during view rendering. Explicitly configure spring.jpa.open-in-view to disable this warning
2025-10-11 23:03:12.610 [Test worker] DEBUG o.s.s.c.a.a.c.AuthenticationConfiguration$DefaultPasswordEncoderAuthenticationManagerBuilder - No authenticationProviders and no parentAuthenticationManager defined. Returning null.
2025-10-11 23:03:15.298 [Test worker] INFO  o.s.b.a.e.web.EndpointLinksResolver - Exposing 2 endpoint(s) beneath base path '/actuator'
2025-10-11 23:03:15.756 [Test worker] INFO  o.s.s.web.DefaultSecurityFilterChain - Will secure any request with [org.springframework.security.web.session.DisableEncodeUrlFilter@204bd52d, org.springframework.security.web.context.request.async.WebAsyncManagerIntegrationFilter@72bf63a, org.springframework.security.web.context.SecurityContextHolderFilter@57404a8d, org.springframework.security.web.header.HeaderWriterFilter@304d6881, org.springframework.web.filter.CorsFilter@2162b22d, org.springframework.security.web.authentication.logout.LogoutFilter@40eb85e9, com.userservice.userservice.security.JwtAuthFilter@6b58a0f9, org.springframework.security.web.savedrequest.RequestCacheAwareFilter@2d4df467, org.springframework.security.web.servletapi.SecurityContextHolderAwareRequestFilter@1942a960, org.springframework.security.web.authentication.AnonymousAuthenticationFilter@6a4ec62d, org.springframework.security.web.session.SessionManagementFilter@2763500e, org.springframework.security.web.access.ExceptionTranslationFilter@556d8c78, org.springframework.security.web.access.intercept.AuthorizationFilter@7e34570]
2025-10-11 23:03:20.415 [Test worker] DEBUG o.s.d.r.l.RedisMessageListenerContainer - Starting RedisMessageListenerContainer...
2025-10-11 23:03:20.419 [Test worker] DEBUG o.s.d.r.l.RedisMessageListenerContainer - Postpone listening for Redis messages until actual listeners are added
2025-10-11 23:03:21.211 [Test worker] INFO  c.u.u.UserserviceApplicationTests - Started UserserviceApplicationTests in 36.45 seconds (process running for 46.173)
2025-10-11 23:03:24.351 [SpringApplicationShutdownHook] DEBUG o.s.d.r.l.RedisMessageListenerContainer - Stopped RedisMessageListenerContainer
2025-10-11 23:03:24.381 [SpringApplicationShutdownHook] INFO  o.s.o.j.LocalContainerEntityManagerFactoryBean - Closing JPA EntityManagerFactory for persistence unit 'default'
2025-10-11 23:03:24.396 [SpringApplicationShutdownHook] INFO  com.zaxxer.hikari.HikariDataSource - HikariPool-1 - Shutdown initiated...
2025-10-11 23:03:24.538 [SpringApplicationShutdownHook] INFO  com.zaxxer.hikari.HikariDataSource - HikariPool-1 - Shutdown completed.
